<html>
<body>
<pre>
<h1>µVision Build Log</h1>
<h2>Project:</h2>
C:\Keil\Labware\project\Lab15_SpaceInvaders\SpaceInvaders.uvproj
Project File Date:  06/05/2018

<h2>Output:</h2>
Rebuild target 'SpaceInvaders'
assembling startup.s...
compiling Nokia5110.c...
assembling random.s...
compiling SpaceInvaders.c...
compiling TExaS.c...
compiling UART.c...
linking...
Program Size: Code=7994 RO-data=3998 RW-data=80 ZI-data=1680  
".\SpaceInvaders.axf" - 0 Error(s), 0 Warning(s).
Load "C:\\Keil\\Labware\\project\\Lab15_SpaceInvaders\\SpaceInvaders.axf" 
Connecting: Mode=JTAG, Speed=1000000Hz
Erase Done.
Programming Done.
Verify OK.
ExaS.c...
compiling UART.c...
".\SpaceInvaders.axf" - 2 Error(s), 0 Warning(s).
Target not created
Load "C:\\Keil\\Labware\\project\\Lab15_SpaceInvaders\\SpaceInvaders.axf" 
_____^
*** error 56: cannot open file
Error: Flash Download failed  -  Could not load file 'C:\Keil\Labware\project\Lab15_SpaceInvaders\SpaceInvaders.axf'
